note: using toolchain 'race-4.34.1' from override set on 'runs/lanes/sol-fix2-s16/wt'
note: to remove: elan override unset --path 'runs/lanes/sol-fix2-s16/wt' | to suppress: ELAN_NO_OVERRIDE_NOTICE=1
heavy-slots: waiting for 1 slots and 0 GB (cap 14, set by HEAVY_SLOTS_CAP; heavy 14; heavy RSS 46.9 of 64 GB)
HypercubeRamsey.S16.Lane_sol_fix2_s16.CellCalibrationScale {κ : HypercubeRamsey.CConsts} {T : HypercubeRamsey.Stage}
  {k : ℕ} (PT : HypercubeRamsey.ProfiledTiling κ T k) : Prop
'HypercubeRamsey.S16.Lane_sol_fix2_s16.cell_raw_data_exists' depends on axioms: [propext,
 sorryAx,
 Classical.choice,
 Quot.sound]
'HypercubeRamsey.S16.Lane_sol_fix2_s16.cell_permission_hypotheses' depends on axioms: [propext,
 sorryAx,
 Classical.choice,
 Quot.sound]
'HypercubeRamsey.S16.Lane_sol_fix2_s16.cell_pool_diagnostics_exists' depends on axioms: [propext,
 sorryAx,
 Classical.choice,
 Quot.sound]
'HypercubeRamsey.S16.Lane_sol_fix2_s16.successful_group_bin_hypotheses' depends on axioms: [propext,
 sorryAx,
 Classical.choice,
 Quot.sound]
'HypercubeRamsey.S16.Lane_sol_fix2_s16.successful_role_label_hypotheses' depends on axioms: [propext,
 sorryAx,
 Classical.choice,
 Quot.sound]
'HypercubeRamsey.S16.Lane_sol_fix2_s16.cell_calibrated_stages_exists' depends on axioms: [propext,
 sorryAx,
 Classical.choice,
 Quot.sound]
'HypercubeRamsey.S16.Lane_sol_fix2_s16.fresh_label_calibration_exists' depends on axioms: [propext,
 sorryAx,
 Classical.choice,
 Quot.sound]
'HypercubeRamsey.S16.Lane_sol_fix2_s16.fresh_cell_spec_exists' depends on axioms: [propext,
 sorryAx,
 Classical.choice,
 Quot.sound]
'HypercubeRamsey.S16.Lane_sol_fix2_s16.fresh_prior_pipeline_exists' depends on axioms: [propext,
 sorryAx,
 Classical.choice,
 Quot.sound]
