note: using toolchain 'race-4.34.1' from override set on 'runs/lanes/sol-fix2-s16/wt'
note: to remove: elan override unset --path 'runs/lanes/sol-fix2-s16/wt' | to suppress: ELAN_NO_OVERRIDE_NOTICE=1
heavy-slots: waiting for 1 slots and 0 GB (cap 14, set by HEAVY_SLOTS_CAP; heavy 14; heavy RSS 45.8 of 64 GB)
warning: PrimeNumberTheoremAnd: repository 'runs/lanes/sol-fix2-s16/wt/.lake/packages/PrimeNumberTheoremAnd' has local changes
warning: belyi: repository 'runs/lanes/sol-fix2-s16/wt/.lake/packages/belyi' has local changes
warning: formal-schemes: repository 'runs/lanes/sol-fix2-s16/wt/.lake/packages/formal-schemes' has local changes
warning: elliptic-curves: repository 'runs/lanes/sol-fix2-s16/wt/.lake/packages/elliptic-curves' has local changes
warning: tempered-fundamental-groups: repository 'runs/lanes/sol-fix2-s16/wt/.lake/packages/tempered-fundamental-groups' has local changes
warning: oka: repository 'runs/lanes/sol-fix2-s16/wt/.lake/packages/oka' has local changes
warning: orbicurve-cores: repository 'runs/lanes/sol-fix2-s16/wt/.lake/packages/orbicurve-cores' has local changes
warning: pi1: repository 'runs/lanes/sol-fix2-s16/wt/.lake/packages/pi1' has local changes
warning: heights: repository 'runs/lanes/sol-fix2-s16/wt/.lake/packages/heights' has local changes
warning: genl: repository 'runs/lanes/sol-fix2-s16/wt/.lake/packages/genl' has local changes
warning: tate-curves-theta: repository 'runs/lanes/sol-fix2-s16/wt/.lake/packages/tate-curves-theta' has local changes
warning: iut: repository 'runs/lanes/sol-fix2-s16/wt/.lake/packages/iut' has local changes
warning: gromov: repository 'runs/lanes/sol-fix2-s16/wt/.lake/packages/gromov' has local changes
warning: SphereEversion: repository 'runs/lanes/sol-fix2-s16/wt/.lake/packages/SphereEversion' has local changes
warning: schoenflies-lean: repository 'runs/lanes/sol-fix2-s16/wt/.lake/packages/schoenflies-lean' has local changes
warning: ClassFieldTheory: repository 'runs/lanes/sol-fix2-s16/wt/.lake/packages/ClassFieldTheory' has local changes
warning: AINTLIB: repository 'runs/lanes/sol-fix2-s16/wt/.lake/packages/AINTLIB' has local changes
warning: AbsorptionCutoff: repository 'runs/lanes/sol-fix2-s16/wt/.lake/packages/AbsorptionCutoff' has local changes
warning: StrongPNT: repository 'runs/lanes/sol-fix2-s16/wt/.lake/packages/StrongPNT' has local changes
warning: carleson: repository 'runs/lanes/sol-fix2-s16/wt/.lake/packages/carleson' has local changes
warning: rellich-kondrachov: repository 'runs/lanes/sol-fix2-s16/wt/.lake/packages/rellich-kondrachov' has local changes
warning: Zeta3Irrational: repository 'runs/lanes/sol-fix2-s16/wt/.lake/packages/Zeta3Irrational' has local changes
warning: fixed-point-theorems: repository 'runs/lanes/sol-fix2-s16/wt/.lake/packages/fixed-point-theorems' has local changes
⚠ [8927/8957] Replayed HypercubeRamsey.Framework.Embedding
warning: HypercubeRamsey/Framework/Embedding.lean:192:23: Try `simp at huv` instead of `simpa using huv`

Note: This linter can be disabled with `set_option linter.unnecessarySimpa false`
warning: HypercubeRamsey/Framework/Embedding.lean:203:23: Try `simp at huv` instead of `simpa using huv`

Note: This linter can be disabled with `set_option linter.unnecessarySimpa false`
⚠ [8928/8957] Replayed HypercubeRamsey.Framework.Stage
warning: HypercubeRamsey/Framework/Stage.lean:78:31: Used `tac1 <;> tac2` where `(tac1; tac2)` would suffice

Note: This linter can be disabled with `set_option linter.unnecessarySeqFocus false`
⚠ [8931/8957] Replayed HypercubeRamsey.Framework.Patch
warning: HypercubeRamsey/Framework/Patch.lean:13:20: Variable name `n` is not explicitly referenced.

Hint: The binding can be removed (if unused) or named `_` (if used implicitly). Alternatively, prefix the name with `_` to silence this warning:
  [apply] _n

Note: This linter can be disabled with `set_option linter.unusedVariables false`
warning: HypercubeRamsey/Framework/Patch.lean:16:18: Variable name `n` is not explicitly referenced.

Hint: The binding can be removed (if unused) or named `_` (if used implicitly). Alternatively, prefix the name with `_` to silence this warning:
  [apply] _n

Note: This linter can be disabled with `set_option linter.unusedVariables false`
⚠ [8934/8957] Replayed HypercubeRamsey.S03.Stabilization
warning: HypercubeRamsey/S03/Stabilization.lean:100:4: `push_neg` has been deprecated. Prefer using `push Not` instead.
If you'd rather continue using `push_neg` in your project, you can implement it as follows:
```
open Lean.Parser.Tactic in
macro "push_neg" cfg:optConfig loc:(location)? : tactic =>
  `(tactic| push $cfg:optConfig Not $[$loc]?)
```
warning: HypercubeRamsey/S03/Stabilization.lean:419:5: Variable name `hX` is not explicitly referenced.

Hint: The binding can be removed (if unused) or named `_` (if used implicitly). Alternatively, prefix the name with `_` to silence this warning:
  [apply] _hX

Note: This linter can be disabled with `set_option linter.unusedVariables false`
warning: HypercubeRamsey/S03/Stabilization.lean:419:30: Variable name `hY` is not explicitly referenced.

Hint: The binding can be removed (if unused) or named `_` (if used implicitly). Alternatively, prefix the name with `_` to silence this warning:
  [apply] _hY

Note: This linter can be disabled with `set_option linter.unusedVariables false`
⚠ [8935/8957] Replayed HypercubeRamsey.Framework.OneShot
warning: HypercubeRamsey/Framework/OneShot.lean:75:19: Variable name `n` is not explicitly referenced.

Hint: The binding can be removed (if unused) or named `_` (if used implicitly). Alternatively, prefix the name with `_` to silence this warning:
  [apply] _n

Note: This linter can be disabled with `set_option linter.unusedVariables false`
warning: HypercubeRamsey/Framework/OneShot.lean:103:70: Variable name `hκ` is not explicitly referenced.

Hint: The binding can be removed (if unused) or named `_` (if used implicitly). Alternatively, prefix the name with `_` to silence this warning:
  [apply] _hκ

Note: This linter can be disabled with `set_option linter.unusedVariables false`
warning: HypercubeRamsey/Framework/OneShot.lean:104:15: Variable name `n` is not explicitly referenced.

Hint: The binding can be removed (if unused) or named `_` (if used implicitly). Alternatively, prefix the name with `_` to silence this warning:
  [apply] _n

Note: This linter can be disabled with `set_option linter.unusedVariables false`
warning: HypercubeRamsey/Framework/OneShot.lean:123:15: Variable name `n` is not explicitly referenced.

Hint: The binding can be removed (if unused) or named `_` (if used implicitly). Alternatively, prefix the name with `_` to silence this warning:
  [apply] _n

Note: This linter can be disabled with `set_option linter.unusedVariables false`
warning: HypercubeRamsey/Framework/OneShot.lean:147:4: `push_neg` has been deprecated. Prefer using `push Not` instead.
If you'd rather continue using `push_neg` in your project, you can implement it as follows:
```
open Lean.Parser.Tactic in
macro "push_neg" cfg:optConfig loc:(location)? : tactic =>
  `(tactic| push $cfg:optConfig Not $[$loc]?)
```
warning: HypercubeRamsey/Framework/OneShot.lean:153:4: `push_neg` has been deprecated. Prefer using `push Not` instead.
If you'd rather continue using `push_neg` in your project, you can implement it as follows:
```
open Lean.Parser.Tactic in
macro "push_neg" cfg:optConfig loc:(location)? : tactic =>
  `(tactic| push $cfg:optConfig Not $[$loc]?)
```
warning: HypercubeRamsey/Framework/OneShot.lean:467:17: Try `simp at h` instead of `simpa using h`

Note: This linter can be disabled with `set_option linter.unnecessarySimpa false`
warning: HypercubeRamsey/Framework/OneShot.lean:478:17: Try `simp at h` instead of `simpa using h`

Note: This linter can be disabled with `set_option linter.unnecessarySimpa false`
⚠ [8939/8957] Replayed HypercubeRamsey.S03.Injection.Sampler
warning: HypercubeRamsey/S03/Injection/Sampler.lean:84:8: declaration uses `sorry`
warning: HypercubeRamsey/S03/Injection/Sampler.lean:89:8: declaration uses `sorry`
warning: HypercubeRamsey/S03/Injection/Sampler.lean:154:8: declaration uses `sorry`
warning: HypercubeRamsey/S03/Injection/Sampler.lean:162:8: declaration uses `sorry`
warning: HypercubeRamsey/S03/Injection/Sampler.lean:174:8: declaration uses `sorry`
warning: HypercubeRamsey/S03/Injection/Sampler.lean:180:8: declaration uses `sorry`
warning: HypercubeRamsey/S03/Injection/Sampler.lean:192:8: declaration uses `sorry`
warning: HypercubeRamsey/S03/Injection/Sampler.lean:209:8: declaration uses `sorry`
warning: HypercubeRamsey/S03/Injection/Sampler.lean:214:8: declaration uses `sorry`
warning: HypercubeRamsey/S03/Injection/Sampler.lean:221:8: declaration uses `sorry`
warning: HypercubeRamsey/S03/Injection/Sampler.lean:227:8: declaration uses `sorry`
⚠ [8940/8957] Replayed HypercubeRamsey.S03.Injection.Comparison
warning: HypercubeRamsey/S03/Injection/Comparison.lean:49:8: declaration uses `sorry`
warning: HypercubeRamsey/S03/Injection/Comparison.lean:58:8: declaration uses `sorry`
warning: HypercubeRamsey/S03/Injection/Comparison.lean:65:8: declaration uses `sorry`
warning: HypercubeRamsey/S03/Injection/Comparison.lean:73:8: declaration uses `sorry`
warning: HypercubeRamsey/S03/Injection/Comparison.lean:83:8: declaration uses `sorry`
warning: HypercubeRamsey/S03/Injection/Comparison.lean:97:8: declaration uses `sorry`
warning: HypercubeRamsey/S03/Injection/Comparison.lean:106:8: declaration uses `sorry`
warning: HypercubeRamsey/S03/Injection/Comparison.lean:113:8: declaration uses `sorry`
warning: HypercubeRamsey/S03/Injection/Comparison.lean:127:8: declaration uses `sorry`
⚠ [8941/8957] Replayed HypercubeRamsey.S03.Injection.Nodes
warning: HypercubeRamsey/S03/Injection/Nodes.lean:52:8: declaration uses `sorry`
warning: HypercubeRamsey/S03/Injection/Nodes.lean:115:8: declaration uses `sorry`
warning: HypercubeRamsey/S03/Injection/Nodes.lean:148:8: declaration uses `sorry`
warning: HypercubeRamsey/S03/Injection/Nodes.lean:165:8: declaration uses `sorry`
warning: HypercubeRamsey/S03/Injection/Nodes.lean:180:8: declaration uses `sorry`
warning: HypercubeRamsey/S03/Injection/Nodes.lean:540:23: `if_pos` has been deprecated: Use `ite_eq_left` instead
warning: HypercubeRamsey/S03/Injection/Nodes.lean:563:34: `if_pos` has been deprecated: Use `ite_eq_left` instead
warning: HypercubeRamsey/S03/Injection/Nodes.lean:595:19: `if_pos` has been deprecated: Use `ite_eq_left` instead
warning: HypercubeRamsey/S03/Injection/Nodes.lean:602:8: `push_neg` has been deprecated. Prefer using `push Not` instead.
If you'd rather continue using `push_neg` in your project, you can implement it as follows:
```
open Lean.Parser.Tactic in
macro "push_neg" cfg:optConfig loc:(location)? : tactic =>
  `(tactic| push $cfg:optConfig Not $[$loc]?)
```
warning: HypercubeRamsey/S03/Injection/Nodes.lean:606:19: `if_neg` has been deprecated: Use `ite_eq_right` instead
warning: HypercubeRamsey/S03/Injection/Nodes.lean:630:6: Try this:
  letI̵

The goal is a proposition, so `let` is preferred over `letI`.
The difference between `let` and `letI` is that `letI` inlines the value.
But this is not relevant for proofs because of proof irrelevance.

Note: This linter can be disabled with `set_option linter.style.haveILetI false`
warning: HypercubeRamsey/S03/Injection/Nodes.lean:680:6: `push_neg` has been deprecated. Prefer using `push Not` instead.
If you'd rather continue using `push_neg` in your project, you can implement it as follows:
```
open Lean.Parser.Tactic in
macro "push_neg" cfg:optConfig loc:(location)? : tactic =>
  `(tactic| push $cfg:optConfig Not $[$loc]?)
```
warning: HypercubeRamsey/S03/Injection/Nodes.lean:743:16: `if_pos` has been deprecated: Use `ite_eq_left` instead
warning: HypercubeRamsey/S03/Injection/Nodes.lean:745:16: `if_neg` has been deprecated: Use `ite_eq_right` instead
warning: HypercubeRamsey/S03/Injection/Nodes.lean:802:21: `if_pos` has been deprecated: Use `ite_eq_left` instead
warning: HypercubeRamsey/S03/Injection/Nodes.lean:808:10: `push_neg` has been deprecated. Prefer using `push Not` instead.
If you'd rather continue using `push_neg` in your project, you can implement it as follows:
```
open Lean.Parser.Tactic in
macro "push_neg" cfg:optConfig loc:(location)? : tactic =>
  `(tactic| push $cfg:optConfig Not $[$loc]?)
```
warning: HypercubeRamsey/S03/Injection/Nodes.lean:815:21: `if_neg` has been deprecated: Use `ite_eq_right` instead
warning: HypercubeRamsey/S03/Injection/Nodes.lean:567:21: This simp argument is unused:
  hpos

Hint: Omit it from the simp argument list.
  [apply] simp [condLaw, hzero, hy, hpzero]

Note: This linter can be disabled with `set_option linter.unusedSimpArgs false`
warning: HypercubeRamsey/S03/Injection/Nodes.lean:567:34: This simp argument is unused:
  hy

Hint: Omit it from the simp argument list.
  [apply] simp [condLaw, hpos, hzero, hpzero]

Note: This linter can be disabled with `set_option linter.unusedSimpArgs false`
warning: HypercubeRamsey/S03/Injection/Nodes.lean:750:29: This simp argument is unused:
  hpos

Hint: Omit it from the simp argument list.
  [apply] simp [condLaw, hzero]

Note: This linter can be disabled with `set_option linter.unusedSimpArgs false`
warning: HypercubeRamsey/S03/Injection/Nodes.lean:784:18: This simp argument is unused:
  y

Hint: Omit it from the simp argument list.
  [apply] simp [hneq]

Note: This linter can be disabled with `set_option linter.unusedSimpArgs false`
warning: HypercubeRamsey/S03/Injection/Nodes.lean:715:53: this tactic is never executed

Note: This linter can be disabled with `set_option linter.unreachableTactic false`
warning: HypercubeRamsey/S03/Injection/Nodes.lean:715:53: Unused tactic linter: `rfl` does nothing

Note: This linter can be disabled with `set_option linter.unusedTactic false`
⚠ [8943/8957] Replayed HypercubeRamsey.PartC.Consts
warning: HypercubeRamsey/PartC/Consts.lean:231:8: declaration uses `sorry`
⚠ [8951/8957] Replayed HypercubeRamsey.S16.Geometry
warning: HypercubeRamsey/S16/Geometry.lean:82:8: declaration uses `sorry`
warning: HypercubeRamsey/S16/Geometry.lean:320:8: declaration uses `sorry`
warning: HypercubeRamsey/S16/Geometry.lean:328:8: declaration uses `sorry`
warning: HypercubeRamsey/S16/Geometry.lean:337:8: declaration uses `sorry`
⚠ [8952/8957] Replayed HypercubeRamsey.S03.ConditionalAvoidance
warning: HypercubeRamsey/S03/ConditionalAvoidance.lean:24:8: automatically included section variable(s) unused in theorem `_private.HypercubeRamsey.S03.ConditionalAvoidance.0.HypercubeRamsey.LocalLemma.mass_nonneg`:
  [Fintype Ω]
  [DecidableEq Ω]
consider restructuring your `variable` declarations so that the variables are not in scope or explicitly omit them:
  omit [Fintype Ω] [DecidableEq Ω] in theorem ...

Note: This linter can be disabled with `set_option linter.unusedSectionVars false`
warning: HypercubeRamsey/S03/ConditionalAvoidance.lean:28:8: automatically included section variable(s) unused in theorem `_private.HypercubeRamsey.S03.ConditionalAvoidance.0.HypercubeRamsey.LocalLemma.mass_mono`:
  [Fintype Ω]
  [DecidableEq Ω]
consider restructuring your `variable` declarations so that the variables are not in scope or explicitly omit them:
  omit [Fintype Ω] [DecidableEq Ω] in theorem ...

Note: This linter can be disabled with `set_option linter.unusedSectionVars false`
warning: HypercubeRamsey/S03/ConditionalAvoidance.lean:32:8: automatically included section variable(s) unused in theorem `_private.HypercubeRamsey.S03.ConditionalAvoidance.0.HypercubeRamsey.LocalLemma.mass_split`:
  [Fintype Ω]
consider restructuring your `variable` declarations so that the variables are not in scope or explicitly omit them:
  omit [Fintype Ω] in theorem ...

Note: This linter can be disabled with `set_option linter.unusedSectionVars false`
warning: HypercubeRamsey/S03/ConditionalAvoidance.lean:54:46: Variable name `hw` is not explicitly referenced.

Hint: The binding can be removed (if unused) or named `_` (if used implicitly). Alternatively, prefix the name with `_` to silence this warning:
  [apply] _hw

Note: This linter can be disabled with `set_option linter.unusedVariables false`
warning: HypercubeRamsey/S03/ConditionalAvoidance.lean:64:8: automatically included section variable(s) unused in theorem `_private.HypercubeRamsey.S03.ConditionalAvoidance.0.HypercubeRamsey.LocalLemma.prod_antitone_of_unitInterval`:
  [Fintype I]
consider restructuring your `variable` declarations so that the variables are not in scope or explicitly omit them:
  omit [Fintype I] in theorem ...

Note: This linter can be disabled with `set_option linter.unusedSectionVars false`
warning: HypercubeRamsey/S03/ConditionalAvoidance.lean:133:6: try 'simp' instead of 'simpa'

Note: This linter can be disabled with `set_option linter.unnecessarySimpa false`
warning: HypercubeRamsey/S03/ConditionalAvoidance.lean:118:5: Variable name `hsymm` is not explicitly referenced.

Hint: The binding can be removed (if unused) or named `_` (if used implicitly). Alternatively, prefix the name with `_` to silence this warning:
  [apply] _hsymm

Note: This linter can be disabled with `set_option linter.unusedVariables false`
warning: HypercubeRamsey/S03/ConditionalAvoidance.lean:118:40: Variable name `hirr` is not explicitly referenced.

Hint: The binding can be removed (if unused) or named `_` (if used implicitly). Alternatively, prefix the name with `_` to silence this warning:
  [apply] _hirr

Note: This linter can be disabled with `set_option linter.unusedVariables false`
warning: HypercubeRamsey/S03/ConditionalAvoidance.lean:133:58: this tactic is never executed

Note: This linter can be disabled with `set_option linter.unreachableTactic false`
warning: HypercubeRamsey/S03/ConditionalAvoidance.lean:133:58: Unused tactic linter: `norm_num` does nothing

Note: This linter can be disabled with `set_option linter.unusedTactic false`
warning: HypercubeRamsey/S03/ConditionalAvoidance.lean:188:8: automatically included section variable(s) unused in theorem `_private.HypercubeRamsey.S03.ConditionalAvoidance.0.HypercubeRamsey.LocalLemma.weighted_mass_mono`:
  [Fintype Ω]
  [DecidableEq Ω]
consider restructuring your `variable` declarations so that the variables are not in scope or explicitly omit them:
  omit [Fintype Ω] [DecidableEq Ω] in theorem ...

Note: This linter can be disabled with `set_option linter.unusedSectionVars false`
warning: HypercubeRamsey/S03/ConditionalAvoidance.lean:400:8: try 'simp' instead of 'simpa'

Note: This linter can be disabled with `set_option linter.unnecessarySimpa false`
warning: HypercubeRamsey/S03/ConditionalAvoidance.lean:371:10: this tactic is never executed

Note: This linter can be disabled with `set_option linter.unreachableTactic false`
warning: HypercubeRamsey/S03/ConditionalAvoidance.lean:426:10: this tactic is never executed

Note: This linter can be disabled with `set_option linter.unreachableTactic false`
warning: HypercubeRamsey/S03/ConditionalAvoidance.lean:371:10: Unused tactic linter: `ring` does nothing

Note: This linter can be disabled with `set_option linter.unusedTactic false`
warning: HypercubeRamsey/S03/ConditionalAvoidance.lean:426:10: Unused tactic linter: `ring` does nothing

Note: This linter can be disabled with `set_option linter.unusedTactic false`
warning: HypercubeRamsey/S03/ConditionalAvoidance.lean:443:24: Variable name `hq0` is not explicitly referenced.

Hint: The binding can be removed (if unused) or named `_` (if used implicitly). Alternatively, prefix the name with `_` to silence this warning:
  [apply] _hq0

Note: This linter can be disabled with `set_option linter.unusedVariables false`
⚠ [8953/8957] Built HypercubeRamsey.S16.Avoidance (13s)
warning: HypercubeRamsey/S16/Avoidance.lean:25:8: declaration uses `sorry`
warning: HypercubeRamsey/S16/Avoidance.lean:134:8: declaration uses `sorry`
warning: HypercubeRamsey/S16/Avoidance.lean:144:8: declaration uses `sorry`
warning: HypercubeRamsey/S16/Avoidance.lean:155:8: declaration uses `sorry`
warning: HypercubeRamsey/S16/Avoidance.lean:168:8: declaration uses `sorry`
⚠ [8954/8957] Built HypercubeRamsey.S16.Calibrations (9.4s)
warning: HypercubeRamsey/S16/Calibrations.lean:68:8: declaration uses `sorry`
warning: HypercubeRamsey/S16/Calibrations.lean:187:8: declaration uses `sorry`
warning: HypercubeRamsey/S16/Calibrations.lean:377:8: declaration uses `sorry`
warning: HypercubeRamsey/S16/Calibrations.lean:389:8: declaration uses `sorry`
warning: HypercubeRamsey/S16/Calibrations.lean:401:8: declaration uses `sorry`
warning: HypercubeRamsey/S16/Calibrations.lean:440:8: declaration uses `sorry`
⚠ [8955/8957] Built HypercubeRamsey.S16.Comparisons (8.9s)
warning: HypercubeRamsey/S16/Comparisons.lean:176:8: declaration uses `sorry`
warning: HypercubeRamsey/S16/Comparisons.lean:188:8: declaration uses `sorry`
warning: HypercubeRamsey/S16/Comparisons.lean:197:8: declaration uses `sorry`
warning: HypercubeRamsey/S16/Comparisons.lean:208:8: declaration uses `sorry`
warning: HypercubeRamsey/S16/Comparisons.lean:237:8: declaration uses `sorry`
warning: HypercubeRamsey/S16/Comparisons.lean:382:8: declaration uses `sorry`
warning: HypercubeRamsey/S16/Comparisons.lean:399:8: declaration uses `sorry`
warning: HypercubeRamsey/S16/Comparisons.lean:432:8: declaration uses `sorry`
warning: HypercubeRamsey/S16/Comparisons.lean:460:5: Variable name `hF` is not explicitly referenced.

Hint: The binding can be removed (if unused) or named `_` (if used implicitly). Alternatively, prefix the name with `_` to silence this warning:
  [apply] _hF

Note: This linter can be disabled with `set_option linter.unusedVariables false`
warning: HypercubeRamsey/S16/Comparisons.lean:705:8: declaration uses `sorry`
warning: HypercubeRamsey/S16/Comparisons.lean:718:8: declaration uses `sorry`
warning: HypercubeRamsey/S16/Comparisons.lean:727:8: declaration uses `sorry`
warning: HypercubeRamsey/S16/Comparisons.lean:740:8: declaration uses `sorry`
⚠ [8956/8957] Built HypercubeRamsey.S16.Producers (11s)
warning: HypercubeRamsey/S16/Producers.lean:128:8: declaration uses `sorry`
warning: HypercubeRamsey/S16/Producers.lean:154:8: declaration uses `sorry`
warning: HypercubeRamsey/S16/Producers.lean:232:8: declaration uses `sorry`
warning: HypercubeRamsey/S16/Producers.lean:248:8: declaration uses `sorry`
warning: HypercubeRamsey/S16/Producers.lean:292:8: declaration uses `sorry`
warning: HypercubeRamsey/S16/Producers.lean:366:8: declaration uses `sorry`
warning: HypercubeRamsey/S16/Producers.lean:406:8: declaration uses `sorry`
warning: HypercubeRamsey/S16/Producers.lean:435:8: declaration uses `sorry`
warning: HypercubeRamsey/S16/Producers.lean:452:8: declaration uses `sorry`
ℹ [8957/8957] Built HypercubeRamsey.S16 (11s)
info: HypercubeRamsey/S16.lean:13:0: 'HypercubeRamsey.S16.late_classes_and_cell_inputs' depends on axioms: [propext, sorryAx, Classical.choice, Quot.sound]
info: HypercubeRamsey/S16.lean:14:0: 'HypercubeRamsey.S16.calibrated_group_bins' depends on axioms: [propext, sorryAx, Classical.choice, Quot.sound]
info: HypercubeRamsey/S16.lean:15:0: 'HypercubeRamsey.S16.calibrated_role_labels' depends on axioms: [propext, sorryAx, Classical.choice, Quot.sound]
info: HypercubeRamsey/S16.lean:16:0: 'HypercubeRamsey.S16.typical_cell_pools' depends on axioms: [propext, sorryAx, Classical.choice, Quot.sound]
info: HypercubeRamsey/S16.lean:17:0: 'HypercubeRamsey.S16.fresh_singleton_comparison' depends on axioms: [propext, sorryAx, Classical.choice, Quot.sound]
info: HypercubeRamsey/S16.lean:18:0: 'HypercubeRamsey.S16.fresh_internal_prior_comparison' depends on axioms: [propext,
 sorryAx,
 Classical.choice,
 Quot.sound]
Build completed successfully (8957 jobs).
